// Jest Snapshot v1, https://goo.gl/fbAQLP

exports[`should render an individual dog 1`] = `
<div>
  <div>
    <div
      class="dog-detail"
    >
      <h3>
        Meet 
        Franny
      </h3>
      <img
        src="https://placedog.net/500?id=51"
      />
      <p>
        Franny
         is a(n) 
        4 year old
         
        French Bulldog
      </p>
      <div
        class="details"
      >
        <p>
          Sweet Frenchie with lots of love to give.
        </p>
      </div>
    </div>
  </div>
</div>
`;
